22
157
1
2
3
Download from git repo at https://github.com/taw/amethyst
